// Jest Snapshot v1, https://goo.gl/fbAQLP

exports[`<Spacer /> should match the snapshot 1`] = `
<div
  className="Spacer__Component-sc-2y4bj-0"
>
  Text
</div>
`;
